INPUT era5_n320_transport_20181201_float32.bin bytes=3114263552
INPUT era5_n320_transport_20181202_float32.bin bytes=3114263552
INPUT era5_n320_transport_20181203_float32.bin bytes=3114263552
INPUT era5_n320_transport_20181204_float32.bin bytes=3114263552
INPUT era5_n320_transport_20181205_float32.bin bytes=3114263552
INPUT era5_n320_transport_20181206_float32.bin bytes=3114263552
INPUT era5_n320_transport_20181207_float32.bin bytes=3114263552
INPUT era5_n320_transport_20181208_float32.bin bytes=3114263552
INPUT era5_n320_transport_20181209_float32.bin bytes=3114263552
INPUT era5_n320_transport_20181210_float32.bin bytes=3114263552
INPUT era5_n320_transport_20181211_float32.bin bytes=3114263552
INPUT era5_n320_transport_20181212_float32.bin bytes=3114263552
INPUT era5_n320_transport_20181213_float32.bin bytes=3114263552
INPUT era5_n320_transport_20181214_float32.bin bytes=3114263552
INPUT era5_n320_transport_20181215_float32.bin bytes=3114263552
INPUT era5_n320_transport_20181216_float32.bin bytes=3114263552
INPUT era5_n320_transport_20181217_float32.bin bytes=3114263552
INPUT era5_n320_transport_20181218_float32.bin bytes=3114263552
INPUT era5_n320_transport_20181219_float32.bin bytes=3114263552
INPUT era5_n320_transport_20181220_float32.bin bytes=3114263552
INPUT era5_n320_transport_20181221_float32.bin bytes=3114263552
INPUT era5_n320_transport_20181222_float32.bin bytes=3114263552
INPUT era5_n320_transport_20181223_float32.bin bytes=3114263552
INPUT era5_n320_transport_20181224_float32.bin bytes=3114263552
INPUT era5_n320_transport_20181225_float32.bin bytes=3114263552
INPUT era5_n320_transport_20181226_float32.bin bytes=3114263552
INPUT era5_n320_transport_20181227_float32.bin bytes=3114263552
INPUT era5_n320_transport_20181228_float32.bin bytes=3114263552
INPUT era5_n320_transport_20181229_float32.bin bytes=3114263552
INPUT era5_n320_transport_20181230_float32.bin bytes=3114263552
INPUT era5_n320_transport_20181231_float32.bin bytes=3114263552
tracer01_total_mass daily relative drift=[0.0, 3.138139946426091e-7, 4.1137388792129786e-7, 4.603499037743357e-7, 4.968472054188118e-7, 5.233121800917156e-7, 5.500987379937994e-7, 5.642841741785666e-7, 5.736543680871384e-7, 5.797798883854294e-7, 5.840147681050429e-7, 5.814147018789163e-7, 5.695309694670472e-7, 5.738807348129326e-7, 5.596269778860993e-7, 5.497590974878573e-7, 5.338747503066305e-7, 5.119159132527815e-7, 4.932927603241652e-7, 4.750893351797458e-7, 4.563841097590243e-7, 4.326447169140011e-7, 4.1063781218571735e-7, 3.9674262925613164e-7, 3.7258542047588755e-7, 3.568320700456828e-7, 3.397555839033965e-7, 3.217481946610518e-7, 3.070751382422627e-7, 2.8726218391611915e-7, 2.693868137742386e-7, 2.483101223179083e-7]
tracer02_total_mass daily relative drift=[0.0, 1.620348027780849e-7, 2.0895383464733163e-7, 2.3358541837436997e-7, 2.5480281386889753e-7, 2.6821678776124407e-7, 2.7713882182397074e-7, 2.8294006785939555e-7, 2.8671070805179657e-7, 2.89219506533532e-7, 2.9260472436568334e-7, 2.9073217144279224e-7, 2.8628973803118225e-7, 2.866882984539168e-7, 2.7799715772461195e-7, 2.71282465285657e-7, 2.611822002854756e-7, 2.460498816744591e-7, 2.3259788197530843e-7, 2.2020842295569484e-7, 2.0589998235074393e-7, 1.8938484057753417e-7, 1.7436581577077323e-7, 1.6256633703311275e-7, 1.432917183264845e-7, 1.3143012412854864e-7, 1.2002975684330395e-7, 1.0848484271447706e-7, 1.02187416956318e-7, 8.996911739225486e-8, 7.967344743226755e-8, 7.039718694298684e-8]
tracer03_total_mass daily relative drift=[0.0, 2.1199674537972825e-7, 2.630914218926246e-7, 2.7968550771943775e-7, 2.9130555062696133e-7, 3.0193675066473095e-7, 3.1040315697904725e-7, 3.1729616379977594e-7, 3.194769338145763e-7, 3.195900759298377e-7, 3.21162465962449e-7, 3.212455512829548e-7, 3.18439100461261e-7, 3.1551404778987565e-7, 3.1005251968775076e-7, 3.054509016420682e-7, 2.9833052954951973e-7, 2.883122906344612e-7, 2.792316575542572e-7, 2.7175255959417805e-7, 2.637786407572386e-7, 2.5361741033663794e-7, 2.4356474465816185e-7, 2.3384575411438788e-7, 2.206577698614393e-7, 2.118108885642685e-7, 2.0403192537313316e-7, 1.9232356206580744e-7, 1.8276593260000392e-7, 1.7083891798305204e-7, 1.6002940224548808e-7, 1.49582911160363e-7]
tracer04_total_mass daily relative drift=[0.0, 1.7265800463000635e-7, 2.0503467380027132e-7, 2.2133264782860075e-7, 2.2807058738540723e-7, 2.3375669611976676e-7, 2.381171844484368e-7, 2.3921556964619886e-7, 2.408605069021985e-7, 2.383864244180227e-7, 2.3896821184108984e-7, 2.351107148788021e-7, 2.3178766615838912e-7, 2.2963161981174907e-7, 2.237241634998089e-7, 2.2088758814335207e-7, 2.1599162466284312e-7, 2.1165838444525165e-7, 2.0639454350721603e-7, 2.0193883371780406e-7, 1.960687919057594e-7, 1.8802070578506566e-7, 1.806101854103547e-7, 1.7361017006313115e-7, 1.6329318159854773e-7, 1.5460909379168916e-7, 1.4744691589767754e-7, 1.3524604474544365e-7, 1.2414815738063953e-7, 1.1225935343938189e-7, 1.0339701654808647e-7, 9.067875904789494e-8]
tracer05_total_mass daily relative drift=[0.0, 4.088804427919672e-8, 5.228375794876365e-8, 5.8212852636408476e-8, 6.397171761811133e-8, 6.742186478011029e-8, 6.844000048663199e-8, 6.902220607982155e-8, 6.943600617473732e-8, 6.893366042759201e-8, 6.998409293774514e-8, 6.706911001025932e-8, 6.416657313615658e-8, 6.079185081445031e-8, 5.6271221315473896e-8, 5.022691958567868e-8, 4.546677300785381e-8, 3.740826127736057e-8, 3.1059415215565965e-8, 2.5855823185382924e-8, 1.911374913408362e-8, 8.869481094894199e-9, 2.2085704049881238e-9, -5.1558701627330236e-9, -1.558656151830496e-8, -2.061049705113724e-8, -2.7323872151863722e-8, -3.780222291560139e-8, -4.383092905781773e-8, -5.160079165017162e-8, -5.8353335265502203e-8, -6.770724739682294e-8]
tracer06_total_mass daily relative drift=[0.0, 7.738378172151875e-9, 1.1242035409389541e-8, 1.0568806033353816e-8, 1.300120368773189e-8, 1.392490529690261e-8, 1.70652957761506e-8, 1.7952071060750583e-8, 1.812582049198589e-8, 1.5095173352055913e-8, 1.4075984387875094e-8, 1.2125515619824694e-8, 8.054389029892822e-9, 4.544133712987994e-9, -2.9596142795535794e-10, -4.921006085610494e-9, -1.0690581608227867e-8, -1.6284201994650875e-8, -2.4218227426028282e-8, -3.1090072871433914e-8, -3.9325695739194956e-8, -4.842355730757915e-8, -5.602280296586957e-8, -6.285524651798694e-8, -7.434905866724697e-8, -8.234364699864901e-8, -9.022577570592236e-8, -1.0005438887385243e-7, -1.0437611023608368e-7, -1.1165444842714341e-7, -1.1939876241228112e-7, -1.2926616021715843e-7]
tracer01_column_mean column mean extrema=(1.4834012f-11, 4.1037116f-9)
tracer02_column_mean column mean extrema=(8.4819434f-13, 5.003065f-9)
tracer03_column_mean column mean extrema=(-1.1221676f-11, 3.8547334f-9)
tracer04_column_mean column mean extrema=(-5.6137443f-12, 3.9840096f-9)
tracer05_column_mean column mean extrema=(-1.0133407f-11, 5.046162f-9)
tracer06_column_mean column mean extrema=(-1.4576257f-11, 4.459398f-9)
Test Summary:                                                 | Pass  Total  Time
31 complete daily files, finite output and complete snapshots |   30     30  2.0s
MONTHLY RESULT /home/cfranken/data/AtmosTransport/benchmarks/revamp-20260906/atmos-monthly-drift-conservative-Float32-6 wall=521.55431386 cumulative_host_bytes=170563508968 process_max_rss_bytes=6701490176
