PROBE mass=(96, 96, 66) Float64 level33_kg=2.829608026112e12 flux_shapes=((97, 96, 66), (96, 97, 66), (96, 96, 67))
Dict{String, Any}("tracers" => 1, "samples" => [0.00031334400409832597, 0.00026624000747688115, 0.00026931200409308076, 0.0002734079898800701, 0.0002724159858189523], "tile" => "256", "median_seconds" => 0.0002724159858189523, "direction" => "x")
Dict{String, Any}("tracers" => 1, "samples" => [0.00017817600746639073, 0.00014844800170976669, 0.00014544000441674143, 0.0001423359935870394, 0.00014332799764815718], "tile" => "(32, 2)", "median_seconds" => 0.00014544000441674143, "direction" => "x")
Dict{String, Any}("tracers" => 1, "samples" => [0.00018534398986957967, 0.00014844800170976669, 0.00014537599054165184, 0.00014435200137086213, 0.00014537599054165184], "tile" => "(32, 4)", "median_seconds" => 0.00014537599054165184, "direction" => "x")
Dict{String, Any}("tracers" => 1, "samples" => [0.00018943999020848423, 0.0001515520125394687, 0.0001495040050940588, 0.00014844800170976669, 0.00014844800170976669], "tile" => "(16, 8)", "median_seconds" => 0.0001495040050940588, "direction" => "x")
Dict{String, Any}("tracers" => 1, "samples" => [0.00018636800814419985, 0.00014947200543247163, 0.00014844800170976669, 0.00014745601220056415, 0.0001443840010324493], "tile" => "(16, 4)", "median_seconds" => 0.00014844800170976669, "direction" => "x")
Dict{String, Any}("tracers" => 1, "samples" => [0.00019148799765389413, 0.00015567999798804522, 0.00015254400204867125, 0.00015254400204867125, 0.00015257600171025842], "tile" => "(8, 8)", "median_seconds" => 0.00015257600171025842, "direction" => "x")
Dict{String, Any}("tracers" => 1, "samples" => [0.000183295996976085, 0.0001443840010324493, 0.0001423359935870394, 0.00014332799764815718, 0.0001392639969708398], "tile" => "32", "median_seconds" => 0.00014332799764815718, "direction" => "x")
Dict{String, Any}("tracers" => 1, "samples" => [0.00038502400275319815, 0.00034095998853445053, 0.0003296959912404418, 0.00031535999733023345, 0.00033177598379552364], "tile" => "256", "median_seconds" => 0.00033177598379552364, "direction" => "y")
Dict{String, Any}("tracers" => 1, "samples" => [0.00017097599629778415, 0.00013004800712224096, 0.00012694401084445417, 0.00012694401084445417, 0.0001259520067833364], "tile" => "(32, 2)", "median_seconds" => 0.00012694401084445417, "direction" => "y")
Dict{String, Any}("tracers" => 1, "samples" => [0.00016483200306538492, 0.00012182399950688705, 0.00011878400255227461, 0.00011980800627497956, 0.00011875200289068744], "tile" => "(32, 4)", "median_seconds" => 0.00011980800627497956, "direction" => "y")
Dict{String, Any}("tracers" => 1, "samples" => [0.00016281600983347744, 0.00013104001118335873, 0.0001239039993379265, 0.00012694401084445417, 0.00012287999561522156], "tile" => "(16, 8)", "median_seconds" => 0.00012694401084445417, "direction" => "y")
Dict{String, Any}("tracers" => 1, "samples" => [0.00017302400374319404, 0.0001341119932476431, 0.0001320959854638204, 0.00013206400035414845, 0.00013206400035414845], "tile" => "(16, 4)", "median_seconds" => 0.0001320959854638204, "direction" => "y")
Dict{String, Any}("tracers" => 1, "samples" => [0.0001812479895306751, 0.0001382080081384629, 0.000136160000693053, 0.00013516799663193524, 0.0001341119932476431], "tile" => "(8, 8)", "median_seconds" => 0.000136160000693053, "direction" => "y")
Dict{String, Any}("tracers" => 1, "samples" => [0.0001648640027269721, 0.00012694401084445417, 0.00012492800306063145, 0.00012387199967633933, 0.00012291199527680874], "tile" => "32", "median_seconds" => 0.00012492800306063145, "direction" => "y")
Dict{String, Any}("tracers" => 1, "samples" => [0.0004280639986973256, 0.00037887998041696846, 0.00034812800004146993, 0.00037987198447808623, 0.0003676160122267902], "tile" => "256", "median_seconds" => 0.00037887998041696846, "direction" => "z")
Dict{String, Any}("tracers" => 1, "samples" => [0.0001771200040820986, 0.00014028800069354475, 0.00013619200035464019, 0.00013619200035464019, 0.00013622400001622736], "tile" => "(32, 2)", "median_seconds" => 0.00013622400001622736, "direction" => "z")
Dict{String, Any}("tracers" => 1, "samples" => [0.00017100801051128656, 0.0001341119932476431, 0.00013206400035414845, 0.00013107199629303068, 0.00013107199629303068], "tile" => "(32, 4)", "median_seconds" => 0.00013206400035414845, "direction" => "z")
Dict{String, Any}("tracers" => 1, "samples" => [0.00017814399325288832, 0.0001392639969708398, 0.00013923199730925262, 0.00013718398986384273, 0.000136160000693053], "tile" => "(16, 8)", "median_seconds" => 0.00013923199730925262, "direction" => "z")
Dict{String, Any}("tracers" => 1, "samples" => [0.00018019200069829822, 0.0001423359935870394, 0.00014028800069354475, 0.00014025600103195757, 0.0001392639969708398], "tile" => "(16, 4)", "median_seconds" => 0.00014028800069354475, "direction" => "z")
Dict{String, Any}("tracers" => 1, "samples" => [0.00019152001186739653, 0.00015052799426484853, 0.00014848000137135386, 0.00014844800170976669, 0.00014745601220056415], "tile" => "(8, 8)", "median_seconds" => 0.00014848000137135386, "direction" => "z")
Dict{String, Any}("tracers" => 1, "samples" => [0.00017097599629778415, 0.00013104001118335873, 0.00013104001118335873, 0.00012899200373794883, 0.00013513599697034806], "tile" => "32", "median_seconds" => 0.00013104001118335873, "direction" => "z")
Dict{String, Any}("tracers" => 6, "samples" => [0.0012554560089483857, 0.0012329280143603683, 0.0012226559920236468, 0.00118476792704314, 0.0012493120739236474], "tile" => "256", "median_seconds" => 0.0012329280143603683, "direction" => "x")
Dict{String, Any}("tracers" => 6, "samples" => [0.0007178559899330139, 0.0007106559933163226, 0.0007116799824871123, 0.0007127040298655629, 0.000710688007529825], "tile" => "(32, 2)", "median_seconds" => 0.0007116799824871123, "direction" => "x")
Dict{String, Any}("tracers" => 6, "samples" => [0.0007065920508466661, 0.0007065600366331637, 0.0007014399743638933, 0.0007044799858704209, 0.0007024319493211806], "tile" => "(32, 4)", "median_seconds" => 0.0007044799858704209, "direction" => "x")
Dict{String, Any}("tracers" => 6, "samples" => [0.0007341759628616273, 0.0007311360095627606, 0.0007270399946719408, 0.0007290880312211812, 0.0007259839912876487], "tile" => "(16, 8)", "median_seconds" => 0.0007290880312211812, "direction" => "x")
Dict{String, Any}("tracers" => 6, "samples" => [0.0007300800061784685, 0.0007280959980562329, 0.0007280319696292281, 0.0007229120237752795, 0.0007239999831654131], "tile" => "(16, 4)", "median_seconds" => 0.0007280319696292281, "direction" => "x")
Dict{String, Any}("tracers" => 6, "samples" => [0.0007598400115966797, 0.0007597759831696749, 0.0007547199493274093, 0.0007567359716631472, 0.0007577599608339369], "tile" => "(8, 8)", "median_seconds" => 0.0007577599608339369, "direction" => "x")
Dict{String, Any}("tracers" => 6, "samples" => [0.0007065600366331637, 0.0007055680034682155, 0.000702463963534683, 0.0007014080183580518, 0.0006993600400164723], "tile" => "32", "median_seconds" => 0.000702463963534683, "direction" => "x")
Dict{String, Any}("tracers" => 6, "samples" => [0.0010874560102820396, 0.0010495999595150352, 0.000985087943263352, 0.0010270719649270177, 0.0010659840190783143], "tile" => "256", "median_seconds" => 0.0010495999595150352, "direction" => "y")
Dict{String, Any}("tracers" => 6, "samples" => [0.0004464960074983537, 0.0004464639932848513, 0.0004444159858394414, 0.0004444159858394414, 0.0004433919966686517], "tile" => "(32, 2)", "median_seconds" => 0.0004444159858394414, "direction" => "y")
Dict{String, Any}("tracers" => 6, "samples" => [0.0004301120061427355, 0.0004280639986973256, 0.00042598400614224374, 0.00042495998786762357, 0.00042598400614224374], "tile" => "(32, 4)", "median_seconds" => 0.00042598400614224374, "direction" => "y")
Dict{String, Any}("tracers" => 6, "samples" => [0.0004474880115594715, 0.0004454079899005592, 0.00044342398177832365, 0.00044336001155897975, 0.0004433919966686517], "tile" => "(16, 8)", "median_seconds" => 0.00044342398177832365, "direction" => "y")
Dict{String, Any}("tracers" => 6, "samples" => [0.00046387198381125927, 0.0004598079831339419, 0.0004597760271281004, 0.0004587520088534802, 0.0004587199946399778], "tile" => "(16, 4)", "median_seconds" => 0.0004597760271281004, "direction" => "y")
Dict{String, Any}("tracers" => 6, "samples" => [0.0004823360068257898, 0.00047923202509991825, 0.00047926398110575974, 0.0004782400210388005, 0.00047820800682529807], "tile" => "(8, 8)", "median_seconds" => 0.00047923202509991825, "direction" => "y")
Dict{String, Any}("tracers" => 6, "samples" => [0.00043417600682005286, 0.00043212799937464297, 0.00043417600682005286, 0.00043107199599035084, 0.00043107199599035084], "tile" => "32", "median_seconds" => 0.00043212799937464297, "direction" => "y")
Dict{String, Any}("tracers" => 6, "samples" => [0.0009656320326030254, 0.000960511970333755, 0.0009707199642434716, 0.0010465600062161684, 0.0010004480136558414], "tile" => "256", "median_seconds" => 0.0009707199642434716, "direction" => "z")
Dict{String, Any}("tracers" => 6, "samples" => [0.0005017279763706028, 0.0004966399865224957, 0.0004966720007359982, 0.0004956480115652084, 0.0004966720007359982], "tile" => "(32, 2)", "median_seconds" => 0.0004966720007359982, "direction" => "z")
Dict{String, Any}("tracers" => 6, "samples" => [0.000485375989228487, 0.0004802559851668775, 0.0004802559851668775, 0.00047920001088641584, 0.00048022400005720556], "tile" => "(32, 4)", "median_seconds" => 0.0004802559851668775, "direction" => "z")
Dict{String, Any}("tracers" => 6, "samples" => [0.0005212159594520926, 0.0005181760061532259, 0.0005140799912624061, 0.0005160960135981441, 0.0005140799912624061], "tile" => "(16, 8)", "median_seconds" => 0.0005160960135981441, "direction" => "z")
Dict{String, Any}("tracers" => 6, "samples" => [0.0005202239844948053, 0.0005171520169824362, 0.0005191360251046717, 0.0005171200027689338, 0.0005181119777262211], "tile" => "(16, 4)", "median_seconds" => 0.0005181119777262211, "direction" => "z")
Dict{String, Any}("tracers" => 6, "samples" => [0.0005642559845000505, 0.0005550080095417798, 0.0005570559878833592, 0.0005550400237552822, 0.0005550400237552822], "tile" => "(8, 8)", "median_seconds" => 0.0005550400237552822, "direction" => "z")
Dict{String, Any}("tracers" => 6, "samples" => [0.00047817599261179566, 0.0004751679953187704, 0.0004761280142702162, 0.00047513601020909846, 0.0004751679953187704], "tile" => "32", "median_seconds" => 0.0004751679953187704, "direction" => "z")
Dict{String, Any}("tracers" => 32, "samples" => [0.006614048033952713, 0.006627296097576618, 0.006690816022455692, 0.006566912401467562, 0.006669280119240284], "tile" => "256", "median_seconds" => 0.006627296097576618, "direction" => "x")
Dict{String, Any}("tracers" => 32, "samples" => [0.003492831951007247, 0.003492895979434252, 0.003486687783151865, 0.003479551989585161, 0.0034805440809577703], "tile" => "(32, 2)", "median_seconds" => 0.003486687783151865, "direction" => "x")
Dict{String, Any}("tracers" => 32, "samples" => [0.0036146878264844418, 0.003623903961852193, 0.0036249919794499874, 0.003618848044425249, 0.0036147201899439096], "tile" => "(32, 4)", "median_seconds" => 0.003618848044425249, "direction" => "x")
Dict{String, Any}("tracers" => 32, "samples" => [0.003664863994345069, 0.0036464640870690346, 0.003652608022093773, 0.0036669441033154726, 0.003658751957118511], "tile" => "(16, 8)", "median_seconds" => 0.003658751957118511, "direction" => "x")
Dict{String, Any}("tracers" => 32, "samples" => [0.003649568185210228, 0.003638271940872073, 0.003641311777755618, 0.0036413760390132666, 0.0036351680755615234], "tile" => "(16, 4)", "median_seconds" => 0.003641311777755618, "direction" => "x")
Dict{String, Any}("tracers" => 32, "samples" => [0.0037304640281945467, 0.0037273599300533533, 0.003733535995706916, 0.0037222399841994047, 0.0037273280322551727], "tile" => "(8, 8)", "median_seconds" => 0.0037273599300533533, "direction" => "x")
Dict{String, Any}("tracers" => 32, "samples" => [0.003472351934760809, 0.0034641919191926718, 0.0034662720281630754, 0.003466239897534251, 0.00347033585421741], "tile" => "32", "median_seconds" => 0.0034662720281630754, "direction" => "x")
Dict{String, Any}("tracers" => 32, "samples" => [0.004088832065463066, 0.0041257282719016075, 0.004014079924672842, 0.004097023978829384, 0.004065248183906078], "tile" => "256", "median_seconds" => 0.004088832065463066, "direction" => "y")
Dict{String, Any}("tracers" => 32, "samples" => [0.002096127951517701, 0.0020940799731761217, 0.0020930240862071514, 0.002096127951517701, 0.002095072064548731], "tile" => "(32, 2)", "median_seconds" => 0.002095072064548731, "direction" => "y")
Dict{String, Any}("tracers" => 32, "samples" => [0.002035711891949177, 0.0020336639136075974, 0.002032608026638627, 0.0020295679569244385, 0.002030591946095228], "tile" => "(32, 4)", "median_seconds" => 0.002032608026638627, "direction" => "y")
Dict{String, Any}("tracers" => 32, "samples" => [0.0021145278587937355, 0.0021073599345982075, 0.0021043200977146626, 0.0021053440868854523, 0.0021084160543978214], "tile" => "(16, 8)", "median_seconds" => 0.0021073599345982075, "direction" => "y")
Dict{String, Any}("tracers" => 32, "samples" => [0.0021780477836728096, 0.0021718719508498907, 0.0021657280158251524, 0.0021678400225937366, 0.002168800216168165], "tile" => "(16, 4)", "median_seconds" => 0.002168800216168165, "direction" => "y")
Dict{String, Any}("tracers" => 32, "samples" => [0.002275327919051051, 0.002265088027343154, 0.0022578879725188017, 0.0022599680814892054, 0.002265088027343154], "tile" => "(8, 8)", "median_seconds" => 0.002265088027343154, "direction" => "y")
Dict{String, Any}("tracers" => 32, "samples" => [0.002007039962336421, 0.002004960086196661, 0.001990688033401966, 0.0020039360970258713, 0.001998879946768284], "tile" => "32", "median_seconds" => 0.0020039360970258713, "direction" => "y")
Dict{String, Any}("tracers" => 32, "samples" => [0.003966943826526403, 0.0039639039896428585, 0.003967967815697193, 0.004057055804878473, 0.004054015967994928], "tile" => "256", "median_seconds" => 0.003967967815697193, "direction" => "z")
Dict{String, Any}("tracers" => 32, "samples" => [0.0024811201728880405, 0.0024750400334596634, 0.002470943843945861, 0.0024719040375202894, 0.0024719040375202894], "tile" => "(32, 2)", "median_seconds" => 0.0024719040375202894, "direction" => "z")
Dict{String, Any}("tracers" => 32, "samples" => [0.0023613441735506058, 0.0023705922067165375, 0.002350111957639456, 0.0023705598432570696, 0.0023541441187262535], "tile" => "(32, 4)", "median_seconds" => 0.0023613441735506058, "direction" => "z")
Dict{String, Any}("tracers" => 32, "samples" => [0.002701312070712447, 0.0027115519624203444, 0.0027043840382248163, 0.0027125440537929535, 0.002717663999646902], "tile" => "(16, 8)", "median_seconds" => 0.0027115519624203444, "direction" => "z")
Dict{String, Any}("tracers" => 32, "samples" => [0.0027504959143698215, 0.0027432958595454693, 0.0027402560226619244, 0.0027422718703746796, 0.0027401919942349195], "tile" => "(16, 4)", "median_seconds" => 0.0027422718703746796, "direction" => "z")
Dict{String, Any}("tracers" => 32, "samples" => [0.0033607680816203356, 0.0033505598548799753, 0.003355648135766387, 0.0033617920707911253, 0.003361823968589306], "tile" => "(8, 8)", "median_seconds" => 0.0033607680816203356, "direction" => "z")
Dict{String, Any}("tracers" => 32, "samples" => [0.0023152639623731375, 0.002281439956277609, 0.0022855361457914114, 0.0022732799407094717, 0.002290719887241721], "tile" => "32", "median_seconds" => 0.0022855361457914114, "direction" => "z")
Dict{String, Any}("tracers" => 65, "samples" => [0.012985344044864178, 0.01330585591495037, 0.012933120131492615, 0.01283379178494215, 0.013097952120006084], "tile" => "256", "median_seconds" => 0.012985344044864178, "direction" => "x")
Dict{String, Any}("tracers" => 65, "samples" => [0.006374367978423834, 0.006361087784171104, 0.006365152075886726, 0.00636825617402792, 0.006355967838317156], "tile" => "(32, 2)", "median_seconds" => 0.006365152075886726, "direction" => "x")
Dict{String, Any}("tracers" => 65, "samples" => [0.006665215827524662, 0.006651903968304396, 0.006658048368990421, 0.006651903968304396, 0.006644736044108868], "tile" => "(32, 4)", "median_seconds" => 0.006651903968304396, "direction" => "x")
Dict{String, Any}("tracers" => 65, "samples" => [0.006743039935827255, 0.006737919989973307, 0.006750207860022783, 0.006732800044119358, 0.0067338235676288605], "tile" => "(16, 8)", "median_seconds" => 0.006737919989973307, "direction" => "x")
Dict{String, Any}("tracers" => 65, "samples" => [0.006680575665086508, 0.006680575665086508, 0.006678527686744928, 0.006677504163235426, 0.006680575665086508], "tile" => "(16, 4)", "median_seconds" => 0.006680575665086508, "direction" => "x")
Dict{String, Any}("tracers" => 65, "samples" => [0.006853632163256407, 0.006852608174085617, 0.00684236828237772, 0.006845439784228802, 0.00684236828237772], "tile" => "(8, 8)", "median_seconds" => 0.006845439784228802, "direction" => "x")
Dict{String, Any}("tracers" => 65, "samples" => [0.006371327675879002, 0.006361087784171104, 0.006360064260661602, 0.00636620819568634, 0.006360064260661602], "tile" => "32", "median_seconds" => 0.006361087784171104, "direction" => "x")
Dict{String, Any}("tracers" => 65, "samples" => [0.007877632044255733, 0.007496703881770372, 0.008182751946151257, 0.0072642238810658455, 0.007536640390753746], "tile" => "256", "median_seconds" => 0.007536640390753746, "direction" => "y")
Dict{String, Any}("tracers" => 65, "samples" => [0.004264927934855223, 0.004259840119630098, 0.0042475201189517975, 0.004254687577486038, 0.004249599762260914], "tile" => "(32, 2)", "median_seconds" => 0.004254687577486038, "direction" => "y")
Dict{String, Any}("tracers" => 65, "samples" => [0.004025375936180353, 0.004045791923999786, 0.004015135578811169, 0.004018208011984825, 0.00400687986984849], "tile" => "(32, 4)", "median_seconds" => 0.004018208011984825, "direction" => "y")
Dict{String, Any}("tracers" => 65, "samples" => [0.004218880087137222, 0.004216832108795643, 0.004206560086458921, 0.004213791806250811, 0.004211711697280407], "tile" => "(16, 8)", "median_seconds" => 0.004213791806250811, "direction" => "y")
Dict{String, Any}("tracers" => 65, "samples" => [0.0044308798387646675, 0.004423679783940315, 0.004425759892910719, 0.004424672108143568, 0.004432928282767534], "tile" => "(16, 4)", "median_seconds" => 0.004425759892910719, "direction" => "y")
Dict{String, Any}("tracers" => 65, "samples" => [0.004625440109521151, 0.004625376313924789, 0.004617183934897184, 0.004633600357919931, 0.004625407978892326], "tile" => "(8, 8)", "median_seconds" => 0.004625407978892326, "direction" => "y")
Dict{String, Any}("tracers" => 65, "samples" => [0.0040008001960814, 0.0039894720539450645, 0.003996672108769417, 0.003994656261056662, 0.0040048640221357346], "tile" => "32", "median_seconds" => 0.003996672108769417, "direction" => "y")
Dict{String, Any}("tracers" => 65, "samples" => [0.008004575967788696, 0.007763967849314213, 0.007951391860842705, 0.007942112162709236, 0.007762975990772247], "tile" => "256", "median_seconds" => 0.007942112162709236, "direction" => "z")
Dict{String, Any}("tracers" => 65, "samples" => [0.0049684480763971806, 0.004962304141372442, 0.00497049605473876, 0.004961279686540365, 0.004961248021572828], "tile" => "(32, 2)", "median_seconds" => 0.004962304141372442, "direction" => "z")
Dict{String, Any}("tracers" => 65, "samples" => [0.004819968249648809, 0.00481792027130723, 0.004810784012079239, 0.0048066237941384315, 0.004801535978913307], "tile" => "(32, 4)", "median_seconds" => 0.004810784012079239, "direction" => "z")
Dict{String, Any}("tracers" => 65, "samples" => [0.005615615751594305, 0.005599232390522957, 0.005615584086626768, 0.005621759686619043, 0.005616640206426382], "tile" => "(16, 8)", "median_seconds" => 0.005615615751594305, "direction" => "z")
Dict{String, Any}("tracers" => 65, "samples" => [0.005591040011495352, 0.0055848960764706135, 0.005579775664955378, 0.005579743999987841, 0.005586911924183369], "tile" => "(16, 4)", "median_seconds" => 0.0055848960764706135, "direction" => "z")
Dict{String, Any}("tracers" => 65, "samples" => [0.007502879947423935, 0.007476255763322115, 0.007490559946745634, 0.007494655903428793, 0.00748444814234972], "tile" => "(8, 8)", "median_seconds" => 0.007490559946745634, "direction" => "z")
Dict{String, Any}("tracers" => 65, "samples" => [0.004704223945736885, 0.004689919762313366, 0.004683744162321091, 0.004691967740654945, 0.004689888097345829], "tile" => "32", "median_seconds" => 0.004689919762313366, "direction" => "z")
Test Summary:                                             | Pass  Total     Time
Float64 packed sweep tile identity on real C90 L66 inputs |  240    240  1m39.1s
