CUDA toolchain: 
- runtime 12.6, artifact installation
- driver 610.57.4 for 13.3
- compiler 12.9, artifact installation

CUDA libraries: 
- CUBLAS: 12.6.4
- CURAND: 10.3.7
- CUFFT: 11.3.0
- CUSOLVER: 11.7.1
- CUSPARSE: 12.5.4
- CUPTI: 2024.3.2 (API 12.6.0)
- NVML: 13.0.0+610.57.4

Julia packages: 
- CUDA: 5.11.3
- GPUArrays: 11.5.14
- GPUCompiler: 1.17.1
- KernelAbstractions: 0.9.42
- CUDA_Driver_jll: 13.3.4+0
- CUDA_Compiler_jll: 0.4.4+1
- CUDA_Runtime_jll: 0.21.0+1

Toolchain:
- Julia: 1.12.6
- LLVM: 18.1.7

Preferences:
- CUDA_Runtime_jll.version: 12.6

1 device:
  0: NVIDIA L40S (sm_89, 43.996 GiB / 44.988 GiB available)
RUNNING test_cs_ppm_launch_gpu.jl
Precompiling packages...
┌ Warning: attempting to remove probably stale pidfile
│   path = "/home/cfranken/.julia/compiled/v1.12/AtomixCUDAExt/B0Tg4_BLbwW.ji.pidfile"
└ @ FileWatching.Pidfile ~/.julia/juliaup/julia-1.12.6+0.x64.linux.gnu/share/julia/stdlib/v1.12/FileWatching/src/pidfile.jl:250
   3430.2 ms  ✓ Atomix → AtomixCUDAExt
  1 dependency successfully precompiled in 4 seconds. 91 already precompiled.
Precompiling packages...
  13356.6 ms  ✓ AtmosTransport
  1 dependency successfully precompiled in 14 seconds. 193 already precompiled.
Precompiling packages...
   4040.9 ms  ✓ ArrayInterface → ArrayInterfaceCUDAExt
  1 dependency successfully precompiled in 4 seconds. 96 already precompiled.
Precompiling packages...
   3405.8 ms  ✓ CUDA → SpecialFunctionsExt
  1 dependency successfully precompiled in 4 seconds. 98 already precompiled.
Precompiling packages...
   2597.2 ms  ✓ AtmosTransport → AtmosTransportNVTXExt
   4817.7 ms  ✓ AtmosTransport → AtmosTransportCUDAExt
  2 dependencies successfully precompiled in 6 seconds. 232 already precompiled.
Test Summary:                                           | Pass  Total   Time
CS PPM launch layout preserves signed storage and halos |  540    540  24.9s
PASSED test_cs_ppm_launch_gpu.jl
RUNNING test_conservative_dkg_gpu.jl
Test Summary:                                      | Pass  Total  Time
CUDA Dkg launch preserves serial results and halos |   36     36  4.1s
Test Summary:                            |    Pass    Total   Time
CUDA conservative Dkg through 65 tracers | 6989800  6989800  14.0s
PASSED test_conservative_dkg_gpu.jl
RUNNING test_tm5_tracer_batching_gpu.jl
Test Summary:                               | Pass  Total  Time
Float64 CUDA collaborative contract on L40S |   22     22  0.2s
Test Summary:                                       | Pass  Total   Time
Float64 positive and signed tracer batching on L40S | 1920   1920  11.6s
Test Summary:                       | Pass  Total  Time
Deferred scratch adaptation on L40S |    7      7  0.4s
Test Summary:                         | Pass  Total  Time
Collaborative tracer batching on L40S |  480    480  6.9s
Test Summary:                  | Pass  Total  Time
Signed tracer batching on L40S |  240    240  0.1s
PASSED test_tm5_tracer_batching_gpu.jl
RUNNING test_cs_seam_exchange_gpu.jl
Test Summary:                                       | Pass  Total   Time
CUDA conservative PPM palindrome through 65 tracers | 2552   2552  35.6s
Test Summary:                       | Pass  Total   Time
CUDA paired-seam adjoints match CPU |   24     24  17.2s
PASSED test_cs_seam_exchange_gpu.jl
RUNNING test_linrood_seams_gpu.jl
Test Summary:                                          | Pass  Total  Time
Lin-Rood shared faces preserve interiors and transpose |   12     12  1.8s
Test Summary:                                                | Pass  Total  Time
CUDA Lin-Rood shared faces match the independent contact map |   16     16  0.6s
PASSED test_linrood_seams_gpu.jl
RUNNING test_snapshot_totals_gpu.jl
Test Summary:                                                             | Pass  Total  Time
Column reductions retain signed residuals with and without device Float64 |   14     14  1.5s
Test Summary:                                     | Pass  Total  Time
Compensated device totals retain signed residuals |   33     33  1.1s
Test Summary:                                             | Pass  Total   Time
Selected GPU capture and streaming preserve signed output |  342    342  49.3s
PASSED test_snapshot_totals_gpu.jl
[ Info: Saved snapshots: /tmp/jl_IioVdY/full.nc (1 frame(s), 4×2 LatLonMesh{Float32}, mass_basis=dry)
[ Info: Saved snapshots: /tmp/jl_8vO3U6/full.nc (1 frame(s), 4×2 LatLonMesh{Float32}, mass_basis=dry)
[ Info: Saved snapshots: /tmp/jl_uS3QPV/full.nc (1 frame(s), 4×2 LatLonMesh{Float32}, mass_basis=dry)
[ Info: Saved snapshots: /tmp/jl_1JuntW/full.nc (1 frame(s), 2-ring ReducedGaussianMesh{Float32} with 12 cells and 32 faces, mass_basis=dry)
[ Info: Saved snapshots: /tmp/jl_hK503f/full.nc (1 frame(s), 2-ring ReducedGaussianMesh{Float32} with 12 cells and 32 faces, mass_basis=dry)
[ Info: Saved snapshots: /tmp/jl_TqF2Gb/full.nc (1 frame(s), 2-ring ReducedGaussianMesh{Float32} with 12 cells and 32 faces, mass_basis=dry)
[ Info: Saved snapshots: /tmp/jl_uhhvLD/full.nc (1 frame(s), C4 CubedSphereMesh{Float32, GnomonicPanelConvention, equiangular_gnomonic}, mass_basis=dry)
[ Info: Saved snapshots: /tmp/jl_Nbr5lT/full.nc (1 frame(s), C4 CubedSphereMesh{Float32, GnomonicPanelConvention, equiangular_gnomonic}, mass_basis=dry)
[ Info: Saved snapshots: /tmp/jl_qBKt3b/full.nc (1 frame(s), C4 CubedSphereMesh{Float32, GnomonicPanelConvention, equiangular_gnomonic}, mass_basis=dry)
[ Info: Saved snapshots: /tmp/jl_MHkxI8/full.nc (1 frame(s), 4×2 LatLonMesh{Float64}, mass_basis=dry)
[ Info: Saved snapshots: /tmp/jl_WvdQHo/full.nc (1 frame(s), 4×2 LatLonMesh{Float64}, mass_basis=dry)
[ Info: Saved snapshots: /tmp/jl_D7XDZw/full.nc (1 frame(s), 4×2 LatLonMesh{Float64}, mass_basis=dry)
[ Info: Saved snapshots: /tmp/jl_6CS5TD/full.nc (1 frame(s), 2-ring ReducedGaussianMesh{Float64} with 12 cells and 32 faces, mass_basis=dry)
[ Info: Saved snapshots: /tmp/jl_PxzrNL/full.nc (1 frame(s), 2-ring ReducedGaussianMesh{Float64} with 12 cells and 32 faces, mass_basis=dry)
[ Info: Saved snapshots: /tmp/jl_i1SgnM/full.nc (1 frame(s), 2-ring ReducedGaussianMesh{Float64} with 12 cells and 32 faces, mass_basis=dry)
[ Info: Saved snapshots: /tmp/jl_cDnupD/full.nc (1 frame(s), C4 CubedSphereMesh{Float64, GnomonicPanelConvention, equiangular_gnomonic}, mass_basis=dry)
[ Info: Saved snapshots: /tmp/jl_WgQRia/full.nc (1 frame(s), C4 CubedSphereMesh{Float64, GnomonicPanelConvention, equiangular_gnomonic}, mass_basis=dry)
[ Info: Saved snapshots: /tmp/jl_rVpJnO/full.nc (1 frame(s), C4 CubedSphereMesh{Float64, GnomonicPanelConvention, equiangular_gnomonic}, mass_basis=dry)
RUNNING test_cs_transport_adjoint_gpu.jl
┌ Info: strang_split_cs! subcycle count grew
│   n_x = 2
│   n_y = 2
└   n_z = 2
┌ Info: strang_split_cs! subcycle count grew
│   n_x = 2
│   n_y = 2
└   n_z = 2
┌ Info: GPU directional gradient
│   scheme = PPMScheme{AtmosTransport.Operators.Advection.MonotoneLimiter}(AtmosTransport.Operators.Advection.MonotoneLimiter())
│   predicted = 0.31185750297253534
│   fd = 0.31185750297771375
└   relative_error = 1.6605062261815075e-11
┌ Info: GPU directional gradient
│   scheme = LinRoodPPMScheme{5}()
│   predicted = 0.31179908429374686
│   fd = 0.31179910030265656
└   relative_error = 5.134366867109263e-8
┌ Info: GPU directional gradient
│   scheme = LinRoodPPMScheme{7}()
│   predicted = 0.31184663751010905
│   fd = 0.31184665351749463
└   relative_error = 5.133095193794714e-8
ERROR: LoadError: Some tests did not pass: 507 passed, 0 failed, 1 errored, 0 broken.
in expression starting at /tmp/atmos-l40-release-20260906/current/test/diagnostic/test_cs_transport_adjoint_gpu.jl:6
in expression starting at /tmp/atmos-l40-release-20260906/gpu-regressions.jl:19
Test Summary:                                       | Pass  Total   Time
CS split-sweep surface-emission footprint prototype |   91     91  55.8s
Float64 PPMScheme{AtmosTransport.Operators.Advection.NoLimiter}(AtmosTransport.Operators.Advection.NoLimiter()): Error During Test at /tmp/atmos-l40-release-20260906/current/test/diagnostic/test_cs_transport_adjoint_gpu.jl:25
  Got exception outside of a @test
  LLVM error: No such file or directory
  Stacktrace:
    [1] MemoryBufferFile(path::String)
      @ LLVM ~/.julia/packages/LLVM/N6lMx/src/buffer.jl:59
    [2] load_runtime(job::GPUCompiler.CompilerJob)
      @ GPUCompiler ~/.julia/packages/GPUCompiler/Avrep/src/rtlib.jl:158
    [3] emit_llvm(job::GPUCompiler.CompilerJob; kwargs::@Kwargs{})
      @ GPUCompiler ~/.julia/packages/GPUCompiler/Avrep/src/driver.jl:321
    [4] emit_llvm
      @ ~/.julia/packages/GPUCompiler/Avrep/src/driver.jl:191 [inlined]
    [5] compile_unhooked(output::Symbol, job::GPUCompiler.CompilerJob; kwargs::@Kwargs{})
      @ GPUCompiler ~/.julia/packages/GPUCompiler/Avrep/src/driver.jl:95
    [6] compile_unhooked(output::Symbol, job::GPUCompiler.CompilerJob)
      @ GPUCompiler ~/.julia/packages/GPUCompiler/Avrep/src/driver.jl:80
    [7] compile(target::Symbol, job::GPUCompiler.CompilerJob; kwargs::@Kwargs{})
      @ GPUCompiler ~/.julia/packages/GPUCompiler/Avrep/src/driver.jl:67
    [8] compile(target::Symbol, job::GPUCompiler.CompilerJob)
      @ GPUCompiler ~/.julia/packages/GPUCompiler/Avrep/src/driver.jl:55
    [9] #compile##0
      @ ~/.julia/packages/CUDA/FQwqy/src/compiler/compilation.jl:247 [inlined]
   [10] JuliaContext(f::CUDA.var"#compile##0#compile##1"{GPUCompiler.CompilerJob{GPUCompiler.PTXCompilerTarget, CUDA.CUDACompilerParams}}; kwargs::@Kwargs{})
      @ GPUCompiler ~/.julia/packages/GPUCompiler/Avrep/src/driver.jl:34
   [11] JuliaContext(f::Function)
      @ GPUCompiler ~/.julia/packages/GPUCompiler/Avrep/src/driver.jl:25
   [12] compile(job::GPUCompiler.CompilerJob)
      @ CUDA ~/.julia/packages/CUDA/FQwqy/src/compiler/compilation.jl:246
   [13] actual_compilation(cache::Dict{Any, CuFunction}, src::Core.MethodInstance, world::UInt64, cfg::GPUCompiler.CompilerConfig{GPUCompiler.PTXCompilerTarget, CUDA.CUDACompilerParams}, compiler::typeof(CUDA.compile), linker::typeof(CUDA.link))
      @ GPUCompiler ~/.julia/packages/GPUCompiler/Avrep/src/execution.jl:245
   [14] cached_compilation(cache::Dict{Any, CuFunction}, src::Core.MethodInstance, cfg::GPUCompiler.CompilerConfig{GPUCompiler.PTXCompilerTarget, CUDA.CUDACompilerParams}, compiler::Function, linker::Function)
      @ GPUCompiler ~/.julia/packages/GPUCompiler/Avrep/src/execution.jl:159
   [15] macro expansion
      @ ~/.julia/packages/CUDA/FQwqy/src/compiler/execution.jl:373 [inlined]
   [16] macro expansion
      @ ./lock.jl:376 [inlined]
   [17] cufunction(f::GPUArrays.var"#gpu_broadcast_kernel_cartesian#_copyto!##5", tt::Type{Tuple{KernelAbstractions.CompilerMetadata{KernelAbstractions.NDIteration.DynamicSize, KernelAbstractions.NDIteration.DynamicCheck, Nothing, CartesianIndices{2, Tuple{Base.OneTo{Int64}, Base.OneTo{Int64}}}, KernelAbstractions.NDIteration.NDRange{2, KernelAbstractions.NDIteration.DynamicSize, KernelAbstractions.NDIteration.DynamicSize, CartesianIndices{2, Tuple{Base.OneTo{Int64}, Base.OneTo{Int64}}}, CartesianIndices{2, Tuple{Base.OneTo{Int64}, Base.OneTo{Int64}}}}}, CuDeviceMatrix{Float64, 1}, Base.Broadcast.Broadcasted{CUDA.CuArrayStyle{2, CUDA.DeviceMemory}, Tuple{Base.OneTo{Int64}, Base.OneTo{Int64}}, typeof(*), Tuple{Base.Broadcast.Extruded{CuDeviceMatrix{Float64, 1}, Tuple{Bool, Bool}, Tuple{Int64, Int64}}, Base.Broadcast.Extruded{CuDeviceMatrix{Float64, 1}, Tuple{Bool, Bool}, Tuple{Int64, Int64}}}}}}; kwargs::@Kwargs{always_inline::Bool, maxthreads::Nothing})
      @ CUDA ~/.julia/packages/CUDA/FQwqy/src/compiler/execution.jl:368
   [18] macro expansion
      @ ~/.julia/packages/CUDA/FQwqy/src/compiler/execution.jl:112 [inlined]
   [19] (::KernelAbstractions.Kernel{CUDABackend, KernelAbstractions.NDIteration.DynamicSize, KernelAbstractions.NDIteration.DynamicSize, GPUArrays.var"#gpu_broadcast_kernel_cartesian#_copyto!##5"})(::CuArray{Float64, 2, CUDA.DeviceMemory}, ::Vararg{Any}; ndrange::Tuple{Int64, Int64}, workgroupsize::Nothing)
      @ CUDA.CUDAKernels ~/.julia/packages/CUDA/FQwqy/src/CUDAKernels.jl:129
   [20] Kernel
      @ ~/.julia/packages/CUDA/FQwqy/src/CUDAKernels.jl:115 [inlined]
   [21] _copyto!
      @ ~/.julia/packages/GPUArrays/bXuVc/src/host/broadcast.jl:79 [inlined]
   [22] copyto!
      @ ~/.julia/packages/GPUArrays/bXuVc/src/host/broadcast.jl:49 [inlined]
   [23] copy
      @ ~/.julia/packages/GPUArrays/bXuVc/src/host/broadcast.jl:34 [inlined]
   [24] materialize
      @ ./broadcast.jl:894 [inlined]
   [25] _dot_footprint(result::AtmosTransport.Adjoints.CSFootprintResult{Float64, AtmosTransport.Adjoints.CSColumnMeanObjective, CuArray{Float64, 2, CUDA.DeviceMemory}}, rates::Vector{NTuple{6, CuArray{Float64, 2, CUDA.DeviceMemory}}})
      @ Main.var"##L40Check#5566" /tmp/atmos-l40-release-20260906/current/test/core/test_cs_ppm_adjoint_footprint.jl:88
   [26] top-level scope
      @ /tmp/atmos-l40-release-20260906/current/test/diagnostic/test_cs_transport_adjoint_gpu.jl:22
   [27] macro expansion
      @ ~/.julia/juliaup/julia-1.12.6+0.x64.linux.gnu/share/julia/stdlib/v1.12/Test/src/Test.jl:1777 [inlined]
   [28] macro expansion
      @ /tmp/atmos-l40-release-20260906/current/test/diagnostic/test_cs_transport_adjoint_gpu.jl:26 [inlined]
   [29] macro expansion
      @ ~/.julia/juliaup/julia-1.12.6+0.x64.linux.gnu/share/julia/stdlib/v1.12/Test/src/Test.jl:1777 [inlined]
   [30] macro expansion
      @ /tmp/atmos-l40-release-20260906/current/test/diagnostic/test_cs_transport_adjoint_gpu.jl:38 [inlined]
   [31] include(mod::Module, _path::String)
      @ Base ./Base.jl:306
   [32] top-level scope
      @ /tmp/atmos-l40-release-20260906/gpu-regressions.jl:25
   [33] include(mod::Module, _path::String)
      @ Base ./Base.jl:306
   [34] exec_options(opts::Base.JLOptions)
      @ Base ./client.jl:317
   [35] _start()
      @ Base ./client.jl:550
Test Summary:                                                                                                                 | Pass  Error  Total   Time
CUDA transporting footprint gradients                                                                                         |  507      1    508  56.7s
  Float64 PPMScheme{AtmosTransport.Operators.Advection.NoLimiter}(AtmosTransport.Operators.Advection.NoLimiter())             |           1      1   7.4s
  Float64 PPMScheme{AtmosTransport.Operators.Advection.MonotoneLimiter}(AtmosTransport.Operators.Advection.MonotoneLimiter()) |   73            73   5.9s
  Float64 LinRoodPPMScheme{5}()                                                                                               |   73            73  11.7s
  Float64 LinRoodPPMScheme{7}()                                                                                               |   73            73   5.8s
  Float32 PPMScheme{AtmosTransport.Operators.Advection.NoLimiter}(AtmosTransport.Operators.Advection.NoLimiter())             |   72            72   6.1s
  Float32 PPMScheme{AtmosTransport.Operators.Advection.MonotoneLimiter}(AtmosTransport.Operators.Advection.MonotoneLimiter()) |   72            72   4.6s
  Float32 LinRoodPPMScheme{5}()                                                                                               |   72            72   9.9s
  Float32 LinRoodPPMScheme{7}()                                                                                               |   72            72   5.0s
RNG of the outermost testset: Random.Xoshiro(0x3bc32a528fce9a6f, 0x9d40853996459d10, 0xe6fcba91c230f3da, 0x6368936fe85c5e93, 0x4e5066e7781acae6)
