RUNNING baseline 32 0
PASSED baseline 32 0
RUNNING current 32 0
PASSED current 32 0
RUNNING current 32 1
PASSED current 32 1
RUNNING baseline 32 1
PASSED baseline 32 1
RUNNING baseline 32 2
PASSED baseline 32 2
RUNNING current 32 2
PASSED current 32 2
RUNNING current 32 3
PASSED current 32 3
RUNNING baseline 32 3
PASSED baseline 32 3
RUNNING baseline 32 4
PASSED baseline 32 4
RUNNING current 32 4
PASSED current 32 4
RUNNING current 32 5
PASSED current 32 5
RUNNING baseline 32 5
PASSED baseline 32 5
MATCHED_PROFILE_PASSED
