    Updating registry at `~/.julia/registries/General.toml`
ERROR: empty intersection between AtmosTransport@0.3.0 and project compatibility 0.2
Stacktrace:
  [1] resolve_versions!(env::Pkg.Types.EnvCache, registries::Vector{Pkg.Registry.RegistryInstance}, pkgs::Vector{PackageSpec}, julia_version::VersionNumber, installed_only::Bool)
    @ Pkg.Operations ~/.julia/juliaup/julia-1.12.6+0.x64.linux.gnu/share/julia/stdlib/v1.12/Pkg/src/Operations.jl:540
  [2] up(ctx::Pkg.Types.Context, pkgs::Vector{PackageSpec}, level::UpgradeLevel; skip_writing_project::Bool, preserve::Nothing)
    @ Pkg.Operations ~/.julia/juliaup/julia-1.12.6+0.x64.linux.gnu/share/julia/stdlib/v1.12/Pkg/src/Operations.jl:2000
  [3] up
    @ ~/.julia/juliaup/julia-1.12.6+0.x64.linux.gnu/share/julia/stdlib/v1.12/Pkg/src/Operations.jl:1977 [inlined]
  [4] up(ctx::Pkg.Types.Context, pkgs::Vector{PackageSpec}; level::UpgradeLevel, mode::PackageMode, preserve::Nothing, update_registry::Bool, skip_writing_project::Bool, workspace::Bool, kwargs::@Kwargs{})
    @ Pkg.API ~/.julia/juliaup/julia-1.12.6+0.x64.linux.gnu/share/julia/stdlib/v1.12/Pkg/src/API.jl:450
  [5] up
    @ ~/.julia/juliaup/julia-1.12.6+0.x64.linux.gnu/share/julia/stdlib/v1.12/Pkg/src/API.jl:419 [inlined]
  [6] up
    @ ~/.julia/juliaup/julia-1.12.6+0.x64.linux.gnu/share/julia/stdlib/v1.12/Pkg/src/API.jl:174 [inlined]
  [7] instantiate(ctx::Pkg.Types.Context; manifest::Nothing, update_registry::Bool, verbose::Bool, platform::Base.BinaryPlatforms.Platform, allow_build::Bool, allow_autoprecomp::Bool, workspace::Bool, julia_version_strict::Bool, kwargs::@Kwargs{})
    @ Pkg.API ~/.julia/juliaup/julia-1.12.6+0.x64.linux.gnu/share/julia/stdlib/v1.12/Pkg/src/API.jl:1312
  [8] instantiate
    @ ~/.julia/juliaup/julia-1.12.6+0.x64.linux.gnu/share/julia/stdlib/v1.12/Pkg/src/API.jl:1285 [inlined]
  [9] instantiate(; kwargs::@Kwargs{})
    @ Pkg.API ~/.julia/juliaup/julia-1.12.6+0.x64.linux.gnu/share/julia/stdlib/v1.12/Pkg/src/API.jl:1284
 [10] top-level scope
    @ none:1
 [11] eval(m::Module, e::Any)
    @ Core ./boot.jl:489
 [12] exec_options(opts::Base.JLOptions)
    @ Base ./client.jl:283
 [13] _start()
    @ Base ./client.jl:550
